To honour the JVM settings for this build a single-use Daemon process will be forked. For more on this, please refer to https://docs.gradle.org/9.2.0/userguide/gradle_daemon.html#sec:disabling_the_daemon in the Gradle documentation.
Daemon will be stopped at the end of the build 
> Task :buildSrc:extractPluginRequests UP-TO-DATE
> Task :buildSrc:generatePluginAdapters UP-TO-DATE
> Task :buildSrc:compileJava UP-TO-DATE
> Task :buildSrc:compileGroovy NO-SOURCE
> Task :buildSrc:compileGroovyPlugins UP-TO-DATE
> Task :buildSrc:pluginDescriptors UP-TO-DATE
> Task :buildSrc:processResources UP-TO-DATE
> Task :buildSrc:classes UP-TO-DATE
> Task :buildSrc:jar UP-TO-DATE

> Configure project :fabric
Fabric Loom: 1.15.5

> Task :common:createMinecraftArtifacts UP-TO-DATE
> Task :common:compileJava UP-TO-DATE
> Task :neoforge:createMinecraftArtifacts UP-TO-DATE

> Task :neoforge:compileJava FAILED
.\gradlew : E:\Proje\Minecraft\26.1.2\Multiloader\BlxckoutFX\neoforge\src\main\java\com\lopew\blxckoutfx\neoforge\BlxckoutFXNeoForgeClientEvents.java:45: error: cannot find symbol
At line:1 char:57
+ ... Multiloader\BlxckoutFX" ; .\gradlew neoforge:compileJava 2>&1 | Tee-O ...
+                               ~~~~~~~~~~~~~~~~~~~~~~~~~~~~~~~~~~~
    + CategoryInfo          : NotSpecified: (E:\Proje\Minecr...not find symbol:String) [], RemoteException
    + FullyQualifiedErrorId : NativeCommandError
 
        int screenWidth = event.getWindow().getGuiScaledWidth();
                               ^
  symbol:   method getWindow()
  location: variable event of type Post
E:\Proje\Minecraft\26.1.2\Multiloader\BlxckoutFX\neoforge\src\main\java\com\lopew\blxckoutfx\neoforge\BlxckoutFXNeoForgeClientEvents.java:46: error: cannot find symbol
        int screenHeight = event.getWindow().getGuiScaledHeight();
                                ^
  symbol:   method getWindow()
  location: variable event of type Post
2 errors

[Incubating] Problems report is available at: file:///E:/Proje/Minecraft/26.1.2/Multiloader/BlxckoutFX/build/reports/problems/problems-report.html

FAILURE: Build failed with an exception.

* What went wrong:
Execution failed for task ':neoforge:compileJava'.
> Compilation failed; see the compiler output below.
  E:\Proje\Minecraft\26.1.2\Multiloader\BlxckoutFX\neoforge\src\main\java\com\lopew\blxckoutfx\neoforge\BlxckoutFXNeoForgeClientEvents.java:45: error: cannot find symbol
          int screenWidth = event.getWindow().getGuiScaledWidth();
                                 ^
    symbol:   method getWindow()
    location: variable event of type Post
  E:\Proje\Minecraft\26.1.2\Multiloader\BlxckoutFX\neoforge\src\main\java\com\lopew\blxckoutfx\neoforge\BlxckoutFXNeoForgeClientEvents.java:46: error: cannot find symbol
          int screenHeight = event.getWindow().getGuiScaledHeight();
                                  ^
    symbol:   method getWindow()
    location: variable event of type Post
  2 errors

* Try:
> Check your code and dependencies to fix the compilation error(s)
> Run with --scan to generate a Build Scan (powered by Develocity).

Deprecated Gradle features were used in this build, making it incompatible with Gradle 10.

You can use '--warning-mode all' to show the individual deprecation warnings and determine if they come from your own scripts or plugins.

For more on this, please refer to https://docs.gradle.org/9.2.0/userguide/command_line_interface.html#sec:command_line_warnings in the Gradle documentation.

BUILD FAILED in 4s
11 actionable tasks: 1 executed, 10 up-to-date
